---
source: crates/bt/src/ui.rs
expression: h.render()
---
 Bluetooth                                                                           ● on

╭─ Connected ────────────────────────────────────────────────────────────────────────────╮
│   AirPods Pro                             80% · case 45%                               │
│   Keychron K3                             61%                                          │
╰────────────────────────────────────────────────────────────────────────────────────────╯
╭─ Paired ───────────────────────────────────────────────────────────────────────────────╮
│ ▌ MX Master 3S                            ◜ connecting…                                │
│   Sony WH-1000XM5                                                                      │
│   Xbox Wireless Controller                                                             │
╰────────────────────────────────────────────────────────────────────────────────────────╯










 ↵ connect  s scan  i details  ? more  esc close
