---
source: crates/system/src/apps/draw.rs
expression: render(&app)
---

╭─ Force quit ─────────────────────────────────────────────────────────────── by memory ─╮
│   App                                                    Memory    CPU                 │
│  Looking for apps…                                                                     │
│                                                                                        │
│                                                                                        │
│                                                                                        │
│                                                                                        │
│                                                                                        │
│                                                                                        │
│                                                                                        │
│                                                                                        │
│                                                                                        │
│                                                                                        │
│                                                                                        │
│                                                                                        │
│                                                                                        │
│                                                                                        │
│                                                                                        │
╰────────────────────────────────────────────────────────────────────────────────────────╯

 ↵ quit  K force quit  / search  esc back
