---
source: crates/power/src/ui.rs
expression: h.render()
---
 Power                                                                     82% · charging

╭─ Battery ──────────────────────────────────────────────────────────────────────────────╮
│   █▀█ ▀▀█         charging · 1h 05m until full                                         │
│   █▀█ █▀▀         96 W adapter                                                         │
│   ▀▀▀ ▀▀▀ %                                                                            │
╰────────────────────────────────────────────────────────────────────────────────────────╯
╭─ Settings ───────────╭─ Battery health ─────────────────────────╮──────────────────────╮
│ ▌ Low Power Mode     │                                          │                      │
│   Keep awake         │   max capacity  91%                      │                      │
╰──────────────────────│   cycles        214                      │──────────────────────╯
╭─ Using the most energ│   condition     normal                   │──────────────────────╮
│   Zen                │                                          │                      │
│   Spotify            │  esc back                                │                      │
│   Ghostty            ╰──────────────────────────────────────────╯                      │
│   Telegram                ━━━━────────────────                                         │
│   coreaudiod              ━━──────────────────                                         │
╰────────────────────────────────────────────────────────────────────────────────────────╯



 ↵ change  i details  ? more  esc close
