---
source: crates/power/src/ui.rs
expression: h.render()
---
 Power                                                                     82% · charging

╭─ Battery ──────────────────────────────────────────────────────────────────────────────╮
│   █▀█ ▀▀█         charging · 1h 05m until full                                         │
│   █▀█ █▀▀         96 W adapter                                                         │
│   ▀▀▀ ▀▀▀ %                                                                            │
╰────────────────────────────────────────────────────────────────────────────────────────╯
╭─ Settings ─────────────────────────────────────────────────────────────────────────────╮
│ ▌ Low Power Mode        ◜ turning on…                                                  │
│   Keep awake            off                                                            │
╰────────────────────────────────────────────────────────────────────────────────────────╯
╭─ Using the most energy ────────────────────────────────────────────────────────────────╮
│   Zen                     ━━━━━━━━━━━━━━━━━━━━                                         │
│   Spotify                 ━━━━━━━━━━━━━───────                                         │
│   Ghostty                 ━━━━━───────────────                                         │
│   Telegram                ━━━━────────────────                                         │
│   coreaudiod              ━━──────────────────                                         │
╰────────────────────────────────────────────────────────────────────────────────────────╯



 ↵ toggle  i details  ? more  esc close
