---
source: crates/power/src/ui.rs
expression: h.render()
---
 Power                                                                     82% · charging

╭─ Battery ──────────────────────────────────────────────────────────────────────────────╮
│   ███ ███         charging · 1h 05m until full                                         │
│   █ █   █         AC adapter                                                           │
│   ███ ███                                                                              │
│   █ █ █                                                                                │
│   ███ ███ %            ╭─ Power mode ─────────────────────────╮                        │
╰────────────────────────│                                      │────────────────────────╯
╭─ Settings ─────────────│     power saver                      │────────────────────────╮
│ ▌ Power mode           │ ▌ ● balanced                         │                        │
│   Keep awake           │     performance                      │                        │
╰────────────────────────│                                      │────────────────────────╯
                         │  ↵ choose   esc cancel               │
                         ╰──────────────────────────────────────╯






 ↵ change  i details  ? more  esc close
