---
source: crates/power/src/ui.rs
expression: h.render()
---
 Power                                                                     82% · charging

╭─ Battery ──────────────────────────────────────────────────────────────────────────────╮
│   ███ ███         charging · 1h 05m until full                                         │
│   █ █   █         96 W adapter                                                         │
│   ███ ███                                                                              │
│   █ █ █                ╭─ Keep awake ─────────────────────────╮                        │
│   ███ ███ %            │                                      │                        │
╰────────────────────────│   ● Off                              │────────────────────────╯
╭─ Settings ─────────────│     30 min                           │────────────────────────╮
│   Low Power Mode       │ ▌   1 hour                           │                        │
│ ▌ Keep awake           │     2 hours                          │                        │
╰────────────────────────│     Until turned off                 │────────────────────────╯
╭─ Using the most energy │                                      │────────────────────────╮
│   Zen                  │  ↵ choose   esc cancel               │                        │
│   Spotify              ╰──────────────────────────────────────╯                        │
│   Ghostty                 ━━━━━───────────────                                         │
│   Telegram                ━━━━────────────────                                         │
│   coreaudiod              ━━──────────────────                                         │
╰────────────────────────────────────────────────────────────────────────────────────────╯

 ↵ change  i details  ? more  esc close
