---
source: crates/sound/src/ui.rs
expression: render(&app)
---
 Sound

╭─ Output ───────────────────────────────────────────────────────────────────────────────╮
│ ▌ ● Mac╭─ What's playing? ────────────────────────────────────────────────────╮        │
│     Air│                                                                      │        │
│     LG │  Telmo isn't allowed to use the microphone. Turn it on in System     │        │
╰────────│  Settings > Privacy & Security > Microphone.                         │────────╯
╭─ Input │                                                                      │────────╮
│   ● Mac│                                                                      │        │
│     Air│                                                                      │        │
╰────────│                                                                      │────────╯
         │                                                                      │
         │                                                                      │
         │                                                                      │
         │                                                                      │
         │                                                                      │
         │                                                                      │
         │  r retry   m use desktop audio   esc close                           │
         ╰──────────────────────────────────────────────────────────────────────╯
▁ ▁ ▁ ▁ ▁ ▁ ▁ ▁ ▁ ▁ ▁ ▁ ▁ ▁ ▁ ▁ ▁ ▁ ▁ ▁ ▁ ▁ ▁ ▁ ▁ ▁ ▁ ▁ ▁ ▁ ▁ ▁ ▁ ▁ ▁ ▁ ▁ ▁ ▁ ▁ ▁ ▁ ▁ ▁ ▁

 ←→ volume  m mute  ↵ set default  f song  ? more  esc close
