---
source: crates/sound/src/ui.rs
expression: render(&app)
---
 Sound

╭─ Output ───────────────────────────────────────────────────────────────────────────────╮
│ ▌ ● Bui╭─ What's playing? ────────────────────────────────────────────────────╮        │
│     Air│                                                                      │        │
│     Mac│  No match. Try again closer to the speaker.                          │        │
│     LG │                                                                      │        │
╰────────│                                                                      │────────╯
╭─ Input │                                                                      │────────╮
│   ● Blu│                                                                      │        │
╰────────│                                                                      │────────╯
╭─ Playin│                                                                      │────────╮
│     Spo│                                                                      │        │
│     Zen│                                                                      │Pro     │
│     Dis│                                                                      │        │
╰────────│                                                                      │────────╯
         │                                                                      │
         │  r retry   m use microphone   esc close                              │
         ╰──────────────────────────────────────────────────────────────────────╯
▁ ▁ ▁ ▁ ▁ ▁ ▁ ▁ ▁ ▁ ▁ ▁ ▁ ▁ ▁ ▁ ▁ ▁ ▁ ▁ ▁ ▁ ▁ ▁ ▁ ▁ ▁ ▁ ▁ ▁ ▁ ▁ ▁ ▁ ▁ ▁ ▁ ▁ ▁ ▁ ▁ ▁ ▁ ▁ ▁

 ←→ volume  m mute  ↵ set default  f song  ? more  esc close
