---
source: crates/sound/src/ui.rs
expression: "render(&app(mock::mac(), \"jP\"))"
---
 Sound

╭─ Output ────────────────────────────────────────────────────────────────────────── EQ ─╮
│   ● MacBook Air Speakers      ━━━━━━━━━━━━━━━━━━━───────────    62%        Speakers +  │
│ ▌   EarFun Air Pro 4          ━━━━━━━━━━━━──────────────────    40%              Flat  │
│     External Headphones       ━━━━━━━━━━━━━━━───────────────    50%        + Sub-bass  │
│     LG UltraFine              fixed volume                                       Flat  │
╰────────────────╭─ EarFun Air Pro 4 mode ──────────────────────────────╮────────────────╯
╭─ Input ────────│                                                      │────────────────╮
│   ● MacBook Air│  macOS switches this on its own: picking AirPods     │                │
│     EarFun Air │  as the input turns on headset mode.                 │                │
╰────────────────│                                                      │────────────────╯
                 │  esc back                                            │
                 │                                                      │
                 ╰──────────────────────────────────────────────────────╯




▁ ▁ ▁ ▁ ▁ ▁ ▁ ▁ ▁ ▁ ▁ ▁ ▁ ▁ ▁ ▁ ▁ ▁ ▁ ▁ ▁ ▁ ▁ ▁ ▁ ▁ ▁ ▁ ▁ ▁ ▁ ▁ ▁ ▁ ▁ ▁ ▁ ▁ ▁ ▁ ▁ ▁ ▁ ▁ ▁

 ←→ volume  m mute  e next preset  E EQ  f song  ? more  esc close
