---
source: crates/sound/src/ui.rs
expression: "render(&eq_app(\"E\"))"
---
 Sound  ›  EQ                                                        MacBook Air Speakers

╭─ Presets ──────────────╮╭─ Speakers + ──────────────────────────────────────────── on ─╮
│ ▌ ● Speakers +         ││ +10 ┤                                                        │
│     Speakers ++        ││     │                                                        │
│     Flat               ││     │                                                        │
│     Bass boost         ││  +5 ┤                                                        │
│     Vocal              ││     │              ⣀⡤⠤⠤⢤⣀                                    │
│     Late night         ││     │        ⢀⣀⣠⠴⠚⠉⠁    ⠈⠙⠲⠤⣄⣀                               │
│                        ││   0 ┤⠒⠒⠒⠒⠒⠒⠋⠉⠉───────────────⠈⠉⠉⠙⠒⠒⠒⠒⠒⠒⠒⠒⠒⠒⠒⠒⠒⠒⠒⠒⠒⠒⠒⠒⠒⠒⠒⠒⠒⠒⠒ │
│                        ││     │                                                        │
│                        ││     │                                                        │
│                        ││  -5 ┤                                                        │
│                        ││     │                                                        │
│                        ││     │▁▃▅▆▆▅▃▁     ▁▁        ▁▂▃▃▃▂                           │
│                        ││ -10 ┤▇▇▇▇▇▇▇▇▇▆▆▆▇▇▇▇▆▄▃▃▃▄▅▇▇▇▇▇▇▇▅▄▄▃▄▄▅▅▅▄▄▃▃▃▃▄▅▆▇▇▆▅▄▃▂ │
│                        ││      20     50    100  200    500   1k   2k     5k    10k    │
│                        ││  preamp -3 dB  ·  160 Hz +3                                  │
│                        ││                                                              │
╰────────────────────────╯╰──────────────────────────────────────────────────────────────╯

 ↑↓ preset  b on/off  ←→ bass  r reset  esc back
