---
source: crates/sound/src/ui.rs
expression: render(&app)
---
 Sound

╭─ Output ───────────────────────────────────────────────────────────────────────────────╮
│ ▌ ● Built-in Audio            ━━━━━━━━━━━━━━━━━━━━━─────────    70%                    │
│     Air╭─ What's playing? ────────────────────────────────────────────────────╮        │
│     Mac│                                                                      │        │
│     LG │  Listening to desktop audio                                          │        │
╰────────│                                                                      │────────╯
╭─ Input │  ━━━━━━━━━━━━━━━━━───────────────────────  5 / 12 s                  │────────╮
│   ● Blu│  ━━━━━━━━━━━━━━━━━━━━────────────────────  level                     │        │
╰────────│                                                                      │────────╯
╭─ Playin│                                                                      │────────╮
│     Spo│                                                                      │        │
│     Zen│                                                                      │Pro     │
│     Dis│                                                                      │        │
╰────────│  m use microphone   esc cancel                                       │────────╯
         ╰──────────────────────────────────────────────────────────────────────╯


▁ ▁ ▁ ▁ ▁ ▁ ▁ ▁ ▁ ▁ ▁ ▁ ▁ ▁ ▁ ▁ ▁ ▁ ▁ ▁ ▁ ▁ ▁ ▁ ▁ ▁ ▁ ▁ ▁ ▁ ▁ ▁ ▁ ▁ ▁ ▁ ▁ ▁ ▁ ▁ ▁ ▁ ▁ ▁ ▁

 ←→ volume  m mute  ↵ set default  f song  ? more  esc close
