---
source: crates/sound/src/ui.rs
expression: render(&app)
---
 Sound

╭─ Output ────────────────────────────────────────────────────────────────────────── EQ ─╮
│ ▌ ● Mac╭─ What's playing? ────────────────────────────────────────────────────╮kers +  │
│     Ear│                                                                      │  Flat  │
│     Ext│  Listening through the microphone                                    │b-bass  │
│     LG │                                                                      │  Flat  │
╰────────│  ━━━━━━━━━━━━━━━━━━━━━━━━━━━─────────────  8 / 12 s                  │────────╯
╭─ Input │  ━━━━━━━━━━━━━━━━━━━━────────────────────  level                     │────────╮
│   ● Mac│                                                                      │        │
│     Ear│                                                                      │        │
╰────────│                                                                      │────────╯
         │                                                                      │
         │                                                                      │
         │                                                                      │
         │                                                                      │
         │                                                                      │
         │  m use desktop audio   esc cancel                                    │
         ╰──────────────────────────────────────────────────────────────────────╯
▁ ▁ ▁ ▁ ▁ ▁ ▁ ▁ ▁ ▁ ▁ ▁ ▁ ▁ ▁ ▁ ▁ ▁ ▁ ▁ ▁ ▁ ▁ ▁ ▁ ▁ ▁ ▁ ▁ ▁ ▁ ▁ ▁ ▁ ▁ ▁ ▁ ▁ ▁ ▁ ▁ ▁ ▁ ▁ ▁

 ←→ volume  m mute  e next preset  E EQ  f song  ? more  esc close
