---
source: crates/sound/src/ui.rs
expression: render(&app)
---
 Sound

╭─ Output ───────────────────────────────────────────────────────────────────────────────╮
│ ▌ ● MacBook Pro Speakers      ━━━━━━━━━━━━━━━━━━━───────────    62%                    │
│     Air╭─ What's playing? ────────────────────────────────────────────────────╮        │
│     LG │                                                                      │        │
╰────────│  Listening through the microphone                                    │────────╯
╭─ Input │                                                                      │────────╮
│   ● Mac│  ━━━━━━━━━━━━━━━━━━━━━━━━━━━─────────────  8 / 12 s                  │        │
│     Air│  ━━━━━━━━━━━━━━━━━━━━────────────────────  level                     │        │
╰────────│                                                                      │────────╯
         │                                                                      │
         │                                                                      │
         │                                                                      │
         │                                                                      │
         │  m use desktop audio   esc cancel                                    │
         ╰──────────────────────────────────────────────────────────────────────╯


▁ ▁ ▁ ▁ ▁ ▁ ▁ ▁ ▁ ▁ ▁ ▁ ▁ ▁ ▁ ▁ ▁ ▁ ▁ ▁ ▁ ▁ ▁ ▁ ▁ ▁ ▁ ▁ ▁ ▁ ▁ ▁ ▁ ▁ ▁ ▁ ▁ ▁ ▁ ▁ ▁ ▁ ▁ ▁ ▁

 ←→ volume  m mute  ↵ set default  f song  ? more  esc close
