---
source: crates/scale/src/ui.rs
expression: render(&app)
---
 Scale                                                                         ○ no touch

╭─ Weight ───────────────────────────────────────────────────────────────────────────────╮
│                                                                                        │
│                                      ███   ███                                         │
│                                      █ █   █ █                                         │
│                                      █ █   █ █                                         │
│                                      █ █   █ █                                         │
│                                      ███ █ ███  g                                      │
│                                                                                        │
│                                                                                        │
│                                                                                        │
│                       1  Rest one finger lightly on the trackpad                       │
│                       2  Keep it still… zeroing                                        │
│                       3  Place the item next to your finger                            │
╰────────────────────────────────────────────────────────────────────────────────────────╯




  ✗  Nothing to zero. Rest a finger on the trackpad first.
 space zero  u ounces  ? more  esc close
