---
source: crates/system/src/ui.rs
expression: "render(&app, 90, 22)"
---

                                                   ..'
                                               ,xNMM.
                                             .OMMMMo
                                             lMM"
                                   .;loddo:.  .olloddol;.
                                 cKMMMMMMMMMMNWMMMMMMMMMM0:
                               .KMMMMMMMMMMMMMMMMMMMMMMMWd.
                      ╭─ Restart swift? ───────────────────────────╮
                      │                                            │
                      │  Open apps will be asked to close.         │
                      │                                            │
                      │  ↵ restart   esc cancel                    │
                      ╰────────────────────────────────────────────╯
                                'XMMMMMMMMMMMMMMMMMMMMMMMMK.
                                  kMMMMMMMMMMMMMMMMMMMMMMd
                                   ;KMMMMMMMWXXWMMMMMMMk.
                                     "cooc*"    "*coo'"



 l    s 󰒲   r 󰜉   p ⏻   o 󰍃   u rebuild   k 󰅖 force quit   ?                   ‹ rain ›
