---
source: crates/system/src/ui.rs
expression: "render(&app, 90, 22)"
---

                                                   ..'
                                               ,xNMM.
                 ╭─ Keys ───────────────────────────────────────────────╮
                 │                                                      │
                 │  ← →       previous and next effect                  │
                 │  space     switch between the Apple and Nix logo     │
                 │  l        lock the screen                           │
                 │  s      󰤄  sleep                                     │
                 │  r      󰜉  restart (asks first)                      │
                 │  p      ⏻  shut down (asks first)                    │
                 │  o      󰍃  log out (asks first)                      │
                 │  u      󰣪  rebuild in the background                 │
                 │  L         open the rebuild log                      │
                 │  k      󰅜  force quit an app                         │
                 │  esc q     close, then quit                          │
                 │                                                      │
                 ╰──────────────────────────────────────────────────────╯



 l    s 󰤄   r 󰜉   p ⏻   o 󰍃   u 󰣪   k 󰅜   ?                                    ‹ rain ›
