---
source: crates/system/src/ui.rs
expression: "render(&app, 90, 22)"
---

                                                   ..'
                                               ,xNMM.
                                             .OMMMMo
                                             lMM"
                                   .;loddo:.  .olloddol;.
                                 cKMMMMMMMMMMNWMMMMMMMMMM0:
                               .KMMMMMMMMMMMMMMMMMMMMMMMWd.
                               XMMMMMMMMMMMMMMMMMMMMMMMX.
                              ;MMMMMMMMMMMMMMMMMMMMMMMM:
                              :MMMMMMMMMMMMMMMMMMMMMMMM:
                              .MMMMMMMMMMMMMMMMMMMMMMMMX.
                               kMMMMMMMMMMMMMMMMMMMMMMMMWd.
                               'XMMMMMMMMMMMMMMMMMMMMMMMMMMk
                                'XMMMMMMMMMMMMMMMMMMMMMMMMK.
                                  kMMMMMMMMMMMMMMMMMMMMMMd
                                   ;KMMMMMMMWXXWMMMMMMMk.
                                     "cooc*"    "*coo'"



 l    s 󰤄   r 󰜉   p ⏻   o 󰍃   u 󰣪   k 󰅜   ?                                    ‹ rain ›
