---
source: crates/launcher/src/ui.rs
expression: render(&f)
---
╭────────────────────────────────────────────────────────────────╮
│ t                                                         apps │
├────────────────────────────────────────────────────────────────┤
│▌ ▀▀ Ghostty  ●                                            fn T │
│  ▀▀ Telegram  ●                                           fn G │
│  ▀▀ Terminal                                                   │
│  ▀▀ TextEdit                                                   │
│  ▀▀ Thunderbird                                                │
│                                                                │
│                                                                │
│                                                                │
│                                                                │
╰────────────────────────────────────────────────────────────────╯
 ↵ open  ! commands  ? web  esc close
