---
source: crates/launcher/src/ui.rs
expression: render(&f)
---
╭────────────────────────────────────────────────────────────────╮
│ !                                                     commands │
├────────────────────────────────────────────────────────────────┤
│▌ 󰖩  Wi-Fi                                                      │
│  󰂯  Bluetooth                                                  │
│  󰕾  Sound                                                      │
│  󰍹  Displays                                                   │
│  󰁹  Power                                                      │
│  󰅌  Clipboard                                                  │
│  󰕮  System                                                     │
│  󰅐  Clock                                                      │
│    Lock                                                       │
╰────────────────────────────────────────────────────────────────╯
 ↵ run  esc close
