---
source: crates/launcher/src/ui.rs
expression: render(&f)
---
╭────────────────────────────────────────────────────────────────╮
│ !restart                                              commands │
├────────────────────────────────────────────────────────────────┤
│▌ 󰜉  Restart                                                    │
│         ╭─ Restart swift? ───────────────────────────╮         │
│         │                                            │         │
│         │  Open apps will be asked to close.         │         │
│         │                                            │         │
│         │  ↵ restart   esc cancel                    │         │
│         ╰────────────────────────────────────────────╯         │
│                                                                │
│                                                                │
╰────────────────────────────────────────────────────────────────╯
 ↵ run  esc close
