---
source: crates/launcher/src/ui.rs
expression: out
---
╭────────────────────────────────────────────────────────────────╮
│ zen                                                       apps │
├────────────────────────────────────────────────────────────────┤
│▌ ▀▀ Zen Browser  ●                                        fn W │
│                                                                │
│                                                                │
│                                                                │
│                                                                │
│                                                                │
│                                                                │
│                                                                │
│                                                                │
╰────────────────────────────────────────────────────────────────╯
 ↵ open  ! commands  ? web  esc close
