---
source: crates/launcher/src/ui.rs
expression: render(&f)
---
╭────────────────────────────────────────────────────────────────╮
│ !sl                                                   commands │
├────────────────────────────────────────────────────────────────┤
│▌ 󰤄  Sleep                                                      │
│  󰍹  Displays                                                   │
│  󰒓  Displays settings                                          │
│  󰒓  Trackpad settings                                          │
│                                                                │
│                                                                │
│                                                                │
│                                                                │
│                                                                │
╰────────────────────────────────────────────────────────────────╯
 ↵ run  esc close
