---
source: crates/net/src/ui.rs
expression: render(&app)
---
 Network                 ╭─ HomeNet-5G ────────────────────────╮      ● online  via Wi-Fi
                         │ █▀▀▀▀▀▀▀█▀▀█▀▀███▀▀████▀▀██▀▀▀▀▀▀▀█ │
╭─ Interfaces ───────────│ █ █▀▀▀█ ██▄▄▄ ▀███▄█▄ ▄▄▄ █ █▀▀▀█ █ │────────────────── ● on ─╮
│ ▌ Wi-Fi             ●  │ █ █   █ █ ▄▀▀█▀ ▄█▄ ▀ ▄  ▀█ █   █ █ │   ● connected           │
│   HomeNet-5G           │ █ ▀▀▀▀▀ █ █ █▀█▀█ ▄ ▄▀▄ █▀█ ▀▀▀▀▀ █ │   saved                 │
│                        │ █▀███▀█▀▀  ████▀▄▄▀ ▀██ █ ▀▀▀▀▀██▀█ │   saved                 │
│   Ethernet          ●  │ ██  ▄▄▀▀ ██▄ ▀▄█ █▀█▄▀█ █▄ ▄▄█▄▄▄ █ │                         │
│   USB LAN · 1 Gbps     │ █ █ ██▀▀▀▄ █ ▄▀ ██▄  ▀▀█▄▄▀ ▀████ █ │                         │
│                        │ █▀█▀█▄▀▀█▀ ▀▀ ▄██ ▀▀ ██▄▀█▄█ ▄  ▄██ │                         │
│   Thunderbolt       ○  │ █ █ ▀▀ ▀▀▀▀  ▀ ▀▀█▄ ▄▄▄ █ █ ▄ ▀▄ ▄█ │   open                  │
│   not connected        │ █▄    ▀▀ █▄▀ ██  █▄  ██ ▄ ▀█ ▀█▀▀ █ │                         │
│                        │ █ ▄▄███▀ ▀ █  ▄▀█▀██ █▀██▀▀ ▀▄▀▄▀ █ │                         │
│   iPhone USB        ○  │ █▄▄▄▀█ ▀▀ ██▀█▄ ▀██▄▄ ▀▄▀▀█▄ █▄ ▀▄█ │ge                       │
│   not connected        │ █▀▀▀▀ ▄▀▀█  ▄▀▄▀▄ ▀ ▀▀▀ █   ▀ ▄█▄▀█ │                         │
│                        │ █▀▀▀▀▀▀▀█ █▀█ ▄█▄ ▀▄▄▀▀▀▄ █▀█    ▄█ │                         │
│   VPN               ●  │ █ █▀▀▀█ █▀     ▄██▄   ▄▄▄ ▀▀▀ ▀█▄ █ │                         │
│   Tailscale            │ █ █   █ ██▄█▄▄▀ █ █▀ ███▄▄ ▀█▄▄ ▄▄█ │                         │
│                        │ █ ▀▀▀▀▀ █▀███ ██▀▀ ▀▄▄▄  ▀▄█ ▀ █▀ █ │                         │
│                        │ ███████████████████████████████████ │                         │
╰────────────────────────│ esc close                           │─────────────────────────╯
                         │                                     │
 ↵ join  i details  s spe╰─────────────────────────────────────╯se
