---
source: crates/net/src/ui.rs
expression: render(&app)
---
 Network    ╭─ Share HomeNet-5G ─────────────────────────────────────────────╮  via Wi-Fi
            │   password  correct-horse-battery                              │
╭─ Interface│               █▀▀▀▀▀▀▀█▀▀█▀▀███▀▀████▀▀██▀▀▀▀▀▀▀█              │──── ● on ─╮
│ ▌ Wi-Fi   │               █ █▀▀▀█ ██▄▄▄ ▀███▄█▄ ▄▄▄ █ █▀▀▀█ █              │           │
│   HomeNet-│               █ █   █ █ ▄▀▀█▀ ▄█▄ ▀ ▄  ▀█ █   █ █              │           │
│           │               █ ▀▀▀▀▀ █ █ █▀█▀█ ▄ ▄▀▄ █▀█ ▀▀▀▀▀ █              │           │
│   Ethernet│               █▀███▀█▀▀  ████▀▄▄▀ ▀██ █ ▀▀▀▀▀██▀█              │           │
│   USB LAN │               ██  ▄▄▀▀ ██▄ ▀▄█ █▀█▄▀█ █▄ ▄▄█▄▄▄ █              │           │
│           │               █ █ ██▀▀▀▄ █ ▄▀ ██▄  ▀▀█▄▄▀ ▀████ █              │           │
│   Thunderb│               █▀█▀█▄▀▀█▀ ▀▀ ▄██ ▀▀ ██▄▀█▄█ ▄  ▄██              │           │
│   not conn│               █ █ ▀▀ ▀▀▀▀  ▀ ▀▀█▄ ▄▄▄ █ █ ▄ ▀▄ ▄█              │           │
│           │               █▄    ▀▀ █▄▀ ██  █▄  ██ ▄ ▀█ ▀█▀▀ █              │           │
│   iPhone U│               █ ▄▄███▀ ▀ █  ▄▀█▀██ █▀██▀▀ ▀▄▀▄▀ █              │           │
│   not conn│               █▄▄▄▀█ ▀▀ ██▀█▄ ▀██▄▄ ▀▄▀▀█▄ █▄ ▀▄█              │           │
│           │               █▀▀▀▀ ▄▀▀█  ▄▀▄▀▄ ▀ ▀▀▀ █   ▀ ▄█▄▀█              │           │
│   VPN     │               █▀▀▀▀▀▀▀█ █▀█ ▄█▄ ▀▄▄▀▀▀▄ █▀█    ▄█              │           │
│   Tailscal│               █ █▀▀▀█ █▀     ▄██▄   ▄▄▄ ▀▀▀ ▀█▄ █              │           │
│           │               █ █   █ ██▄█▄▄▀ █ █▀ ███▄▄ ▀█▄▄ ▄▄█              │           │
│           │               █ ▀▀▀▀▀ █▀███ ██▀▀ ▀▄▄▄  ▀▄█ ▀ █▀ █              │           │
╰───────────│               ███████████████████████████████████              │───────────╯
            │ y hide password   c copy password   a auto-join   d forget     │
 ↵ join  i d╰────────────────────────────────────────────────────────────────╯
